Map {
    items: [
        TraitDefinition {
            visibility: Private,
            name: Path {
                root: [],
                name: Type {
                    name: Identifier {
                        name: "Foo",
                        location: doc_comments_trait_method.lm:6:9,
                    },
                    type_arguments: [],
                    location: doc_comments_trait_method.lm:6:9,
                },
                location: doc_comments_trait_method.lm:6:9,
            },
            methods: [
                TraitMethodDefinition {
                    name: Identifier {
                        name: "bar",
                        location: doc_comments_trait_method.lm:49:52,
                    },
                    parameters: [],
                    type_parameters: [],
                    return_type: Type {
                        name: Path {
                            root: [],
                            name: Type {
                                name: Identifier {
                                    name: "void",
                                    location: doc_comments_trait_method.lm:58:62,
                                },
                                type_arguments: [],
                                location: doc_comments_trait_method.lm:58:62,
                            },
                            location: doc_comments_trait_method.lm:58:62,
                        },
                        location: doc_comments_trait_method.lm:58:62,
                    },
                    block: Block {
                        statements: [],
                        location: doc_comments_trait_method.lm:63:66,
                    },
                    location: doc_comments_trait_method.lm:46:66,
                },
            ],
            type_parameters: [],
            location: doc_comments_trait_method.lm:0:68,
        },
    ],
}