Map {
    items: [
        FunctionDefinition {
            visibility: Private,
            name: Path {
                root: [],
                name: Type {
                    name: Identifier {
                        name: "main",
                        location: function_definition_parameter.lm:3:7,
                    },
                    type_arguments: [],
                    location: function_definition_parameter.lm:3:7,
                },
                location: function_definition_parameter.lm:3:7,
            },
            parameters: [
                Parameter {
                    name: Identifier {
                        name: "argc",
                        location: function_definition_parameter.lm:8:12,
                    },
                    param_type: Type {
                        id: ItemId {
                            package: PackageId(
                                0,
                            ),
                            index: Idx(
                                16901111566601906630,
                            ),
                        },
                        name: Path {
                            root: [],
                            name: Namespace {
                                name: Identifier {
                                    name: "u8",
                                    location: function_definition_parameter.lm:14:16,
                                },
                            },
                            location: function_definition_parameter.lm:14:16,
                        },
                        location: function_definition_parameter.lm:14:16,
                    },
                    vararg: false,
                    location: function_definition_parameter.lm:8:16,
                },
            ],
            type_parameters: [],
            return_type: Type {
                name: Path {
                    root: [],
                    name: Type {
                        name: Identifier {
                            name: "void",
                            location: function_definition_parameter.lm:21:25,
                        },
                        type_arguments: [],
                        location: function_definition_parameter.lm:21:25,
                    },
                    location: function_definition_parameter.lm:21:25,
                },
                location: function_definition_parameter.lm:21:25,
            },
            block: Block {
                statements: [],
                location: function_definition_parameter.lm:26:29,
            },
            location: function_definition_parameter.lm:0:29,
        },
    ],
}