Map {
    items: [
        FunctionDefinition {
            visibility: Private,
            name: Path {
                root: [],
                name: Type {
                    name: Identifier {
                        name: "foo",
                        location: range_expr_inclusive.lm:3:6,
                    },
                    bound_types: [],
                    location: range_expr_inclusive.lm:3:6,
                },
                location: range_expr_inclusive.lm:3:6,
            },
            parameters: [],
            type_parameters: [],
            return_type: Type {
                name: Path {
                    root: [
                        Namespace {
                            name: Identifier {
                                name: "std",
                                location: <internal>:0:0,
                            },
                        },
                    ],
                    name: Type {
                        name: Identifier {
                            name: "Void",
                            location: <internal>:0:0,
                        },
                        bound_types: [],
                        location: <internal>:0:0,
                    },
                    location: <internal>:0:0,
                },
                location: <internal>:0:0,
            },
            block: Block {
                statements: [
                    VariableDeclaration {
                        name: "a",
                        declared_type: None,
                        value: Literal {
                            kind: IntLiteral {
                                value: 0,
                                kind: None,
                            },
                            location: range_expr_inclusive.lm:23:24,
                        },
                        location: range_expr_inclusive.lm:15:25,
                    },
                    VariableDeclaration {
                        name: "b",
                        declared_type: None,
                        value: Literal {
                            kind: IntLiteral {
                                value: 1,
                                kind: None,
                            },
                            location: range_expr_inclusive.lm:38:39,
                        },
                        location: range_expr_inclusive.lm:30:40,
                    },
                    VariableDeclaration {
                        name: "_",
                        declared_type: None,
                        value: StaticCall {
                            name: Path {
                                root: [
                                    Namespace {
                                        name: Identifier {
                                            name: "std",
                                            location: range_expr_inclusive.lm:0:0,
                                        },
                                    },
                                    Type {
                                        name: Identifier {
                                            name: "RangeInclusive",
                                            location: range_expr_inclusive.lm:0:0,
                                        },
                                        bound_types: [],
                                        location: range_expr_inclusive.lm:0:0,
                                    },
                                ],
                                name: Callable {
                                    name: Identifier {
                                        name: "new",
                                        location: range_expr_inclusive.lm:0:0,
                                    },
                                    bound_types: [],
                                    location: range_expr_inclusive.lm:0:0,
                                },
                                location: range_expr_inclusive.lm:0:0,
                            },
                            arguments: [
                                Variable {
                                    name: Identifier {
                                        name: "a",
                                        location: range_expr_inclusive.lm:54:55,
                                    },
                                    reference: VariableDeclaration {
                                        name: "a",
                                        declared_type: None,
                                        value: Literal {
                                            kind: IntLiteral {
                                                value: 0,
                                                kind: None,
                                            },
                                            location: range_expr_inclusive.lm:23:24,
                                        },
                                        location: range_expr_inclusive.lm:15:25,
                                    },
                                    location: range_expr_inclusive.lm:54:55,
                                },
                                Variable {
                                    name: Identifier {
                                        name: "b",
                                        location: range_expr_inclusive.lm:58:59,
                                    },
                                    reference: VariableDeclaration {
                                        name: "b",
                                        declared_type: None,
                                        value: Literal {
                                            kind: IntLiteral {
                                                value: 1,
                                                kind: None,
                                            },
                                            location: range_expr_inclusive.lm:38:39,
                                        },
                                        location: range_expr_inclusive.lm:30:40,
                                    },
                                    location: range_expr_inclusive.lm:58:59,
                                },
                            ],
                            location: range_expr_inclusive.lm:54:59,
                        },
                        location: range_expr_inclusive.lm:45:61,
                    },
                ],
                location: range_expr_inclusive.lm:9:63,
            },
            location: range_expr_inclusive.lm:0:63,
        },
    ],
}