Map {
    items: [
        FunctionDefinition {
            visibility: Private,
            name: Path {
                root: [],
                name: Type {
                    name: Identifier {
                        name: "foo",
                        location: range_literal_exclusive.lm:3:6,
                    },
                    bound_types: [],
                    location: range_literal_exclusive.lm:3:6,
                },
                location: range_literal_exclusive.lm:3:6,
            },
            parameters: [],
            type_parameters: [],
            return_type: Type {
                name: Path {
                    root: [],
                    name: Type {
                        name: Identifier {
                            name: "Void",
                            location: <internal>:0:0,
                        },
                        bound_types: [],
                        location: <internal>:0:0,
                    },
                    location: <internal>:0:0,
                },
                location: <internal>:0:0,
            },
            block: Block {
                statements: [
                    VariableDeclaration {
                        name: "_",
                        declared_type: None,
                        value: StaticCall {
                            name: Path {
                                root: [
                                    Namespace {
                                        name: Identifier {
                                            name: "std",
                                            location: range_literal_exclusive.lm:0:0,
                                        },
                                    },
                                    Type {
                                        name: Identifier {
                                            name: "Range",
                                            location: range_literal_exclusive.lm:0:0,
                                        },
                                        bound_types: [],
                                        location: range_literal_exclusive.lm:0:0,
                                    },
                                ],
                                name: Callable {
                                    name: Identifier {
                                        name: "new",
                                        location: range_literal_exclusive.lm:0:0,
                                    },
                                    bound_types: [],
                                    location: range_literal_exclusive.lm:0:0,
                                },
                                location: range_literal_exclusive.lm:0:0,
                            },
                            arguments: [
                                Literal {
                                    kind: IntLiteral {
                                        value: 0,
                                        kind: None,
                                    },
                                    location: range_literal_exclusive.lm:21:22,
                                },
                                Literal {
                                    kind: IntLiteral {
                                        value: 1,
                                        kind: None,
                                    },
                                    location: range_literal_exclusive.lm:24:25,
                                },
                            ],
                            location: range_literal_exclusive.lm:21:25,
                        },
                        location: range_literal_exclusive.lm:12:27,
                    },
                ],
                location: range_literal_exclusive.lm:9:29,
            },
            location: range_literal_exclusive.lm:0:29,
        },
    ],
}