Map {
    items: [
        FunctionDefinition {
            visibility: Private,
            name: Path {
                root: [],
                name: Type {
                    name: Identifier {
                        name: "foo",
                        location: return_scalar.lm:3:6,
                    },
                    bound_types: [],
                    location: return_scalar.lm:3:6,
                },
                location: return_scalar.lm:3:6,
            },
            parameters: [],
            type_parameters: [],
            return_type: Type {
                name: Path {
                    root: [
                        Namespace {
                            name: Identifier {
                                name: "std",
                                location: <internal>:0:0,
                            },
                        },
                    ],
                    name: Type {
                        name: Identifier {
                            name: "Void",
                            location: <internal>:0:0,
                        },
                        bound_types: [],
                        location: <internal>:0:0,
                    },
                    location: <internal>:0:0,
                },
                location: <internal>:0:0,
            },
            block: Block {
                statements: [
                    Return {
                        value: Literal {
                            kind: IntLiteral {
                                value: 1,
                                kind: None,
                            },
                            location: return_scalar.lm:19:20,
                        },
                        location: return_scalar.lm:12:21,
                    },
                ],
                location: return_scalar.lm:9:23,
            },
            location: return_scalar.lm:0:23,
        },
    ],
}