Map {
    items: [
        TraitImplementation {
            name: Type {
                id: NodeId {
                    package: PackageId(
                        1881,
                    ),
                    index: Idx(
                        15441871705290034520,
                    ),
                },
                name: Path {
                    root: [],
                    name: Type {
                        name: Identifier {
                            name: "Add",
                            location: use_trait_generics.lm:4:7,
                        },
                        type_arguments: [
                            Type {
                                id: NodeId {
                                    package: PackageId(
                                        1881,
                                    ),
                                    index: Idx(
                                        6143724420395906933,
                                    ),
                                },
                                name: Path {
                                    root: [
                                        Namespace {
                                            name: Identifier {
                                                name: "std",
                                                location: use_trait_generics.lm:0:0,
                                            },
                                        },
                                    ],
                                    name: Type {
                                        name: Identifier {
                                            name: "Int32",
                                            location: use_trait_generics.lm:8:13,
                                        },
                                        type_arguments: [],
                                        location: use_trait_generics.lm:8:13,
                                    },
                                    location: use_trait_generics.lm:8:13,
                                },
                                location: use_trait_generics.lm:8:13,
                            },
                            Type {
                                id: NodeId {
                                    package: PackageId(
                                        1881,
                                    ),
                                    index: Idx(
                                        6005476461629404090,
                                    ),
                                },
                                name: Path {
                                    root: [
                                        Namespace {
                                            name: Identifier {
                                                name: "std",
                                                location: use_trait_generics.lm:0:0,
                                            },
                                        },
                                    ],
                                    name: Type {
                                        name: Identifier {
                                            name: "Int64",
                                            location: use_trait_generics.lm:15:20,
                                        },
                                        type_arguments: [],
                                        location: use_trait_generics.lm:15:20,
                                    },
                                    location: use_trait_generics.lm:15:20,
                                },
                                location: use_trait_generics.lm:15:20,
                            },
                        ],
                        location: use_trait_generics.lm:4:21,
                    },
                    location: use_trait_generics.lm:4:21,
                },
                location: use_trait_generics.lm:4:21,
            },
            target: Type {
                id: NodeId {
                    package: PackageId(
                        1881,
                    ),
                    index: Idx(
                        6143724420395906933,
                    ),
                },
                name: Path {
                    root: [
                        Namespace {
                            name: Identifier {
                                name: "std",
                                location: use_trait_generics.lm:0:0,
                            },
                        },
                    ],
                    name: Type {
                        name: Identifier {
                            name: "Int32",
                            location: use_trait_generics.lm:25:30,
                        },
                        type_arguments: [],
                        location: use_trait_generics.lm:25:30,
                    },
                    location: use_trait_generics.lm:25:30,
                },
                location: use_trait_generics.lm:25:30,
            },
            methods: [
                TraitMethodImplementation {
                    name: Identifier {
                        name: "add",
                        location: use_trait_generics.lm:40:43,
                    },
                    parameters: [
                        Parameter {
                            name: Identifier {
                                name: "other",
                                location: use_trait_generics.lm:44:49,
                            },
                            param_type: Type {
                                id: NodeId {
                                    package: PackageId(
                                        1881,
                                    ),
                                    index: Idx(
                                        6143724420395906933,
                                    ),
                                },
                                name: Path {
                                    root: [
                                        Namespace {
                                            name: Identifier {
                                                name: "std",
                                                location: use_trait_generics.lm:0:0,
                                            },
                                        },
                                    ],
                                    name: Type {
                                        name: Identifier {
                                            name: "Int32",
                                            location: use_trait_generics.lm:51:56,
                                        },
                                        type_arguments: [],
                                        location: use_trait_generics.lm:51:56,
                                    },
                                    location: use_trait_generics.lm:51:56,
                                },
                                location: use_trait_generics.lm:51:56,
                            },
                            vararg: false,
                            location: use_trait_generics.lm:44:56,
                        },
                    ],
                    type_parameters: [],
                    return_type: Type {
                        name: Path {
                            root: [
                                Namespace {
                                    name: Identifier {
                                        name: "std",
                                        location: use_trait_generics.lm:0:0,
                                    },
                                },
                            ],
                            name: Type {
                                name: Identifier {
                                    name: "Int64",
                                    location: use_trait_generics.lm:61:66,
                                },
                                type_arguments: [],
                                location: use_trait_generics.lm:61:66,
                            },
                            location: use_trait_generics.lm:61:66,
                        },
                        location: use_trait_generics.lm:61:66,
                    },
                    block: Block {
                        statements: [],
                        location: use_trait_generics.lm:67:69,
                    },
                    location: use_trait_generics.lm:37:69,
                },
            ],
            type_parameters: [],
            location: use_trait_generics.lm:0:71,
        },
    ],
}