Map {
    items: [
        TraitImplementation {
            name: Type {
                id: TypeId(
                    NodeId {
                        package: PackageId(
                            1881,
                        ),
                        index: Idx(
                            3,
                        ),
                    },
                ),
                name: Path {
                    root: [],
                    name: Type {
                        name: Identifier {
                            name: "Enumerable",
                            location: use_trait_generic_trait.lm:7:17,
                        },
                        bound_types: [
                            Type {
                                id: TypeId(
                                    NodeId {
                                        package: PackageId(
                                            1881,
                                        ),
                                        index: Idx(
                                            2,
                                        ),
                                    },
                                ),
                                name: Path {
                                    root: [],
                                    name: Type {
                                        name: Identifier {
                                            name: "T",
                                            location: use_trait_generic_trait.lm:18:19,
                                        },
                                        bound_types: [],
                                        location: use_trait_generic_trait.lm:18:19,
                                    },
                                    location: use_trait_generic_trait.lm:18:19,
                                },
                                location: use_trait_generic_trait.lm:18:19,
                            },
                        ],
                        location: use_trait_generic_trait.lm:7:20,
                    },
                    location: use_trait_generic_trait.lm:7:20,
                },
                location: use_trait_generic_trait.lm:7:20,
            },
            target: Type {
                id: TypeId(
                    NodeId {
                        package: PackageId(
                            1881,
                        ),
                        index: Idx(
                            4,
                        ),
                    },
                ),
                name: Path {
                    root: [],
                    name: Type {
                        name: Identifier {
                            name: "Vector",
                            location: use_trait_generic_trait.lm:24:30,
                        },
                        bound_types: [
                            Type {
                                id: TypeId(
                                    NodeId {
                                        package: PackageId(
                                            1881,
                                        ),
                                        index: Idx(
                                            2,
                                        ),
                                    },
                                ),
                                name: Path {
                                    root: [],
                                    name: Type {
                                        name: Identifier {
                                            name: "T",
                                            location: use_trait_generic_trait.lm:31:32,
                                        },
                                        bound_types: [],
                                        location: use_trait_generic_trait.lm:31:32,
                                    },
                                    location: use_trait_generic_trait.lm:31:32,
                                },
                                location: use_trait_generic_trait.lm:31:32,
                            },
                        ],
                        location: use_trait_generic_trait.lm:24:33,
                    },
                    location: use_trait_generic_trait.lm:24:33,
                },
                location: use_trait_generic_trait.lm:24:33,
            },
            methods: [
                TraitMethodImplementation {
                    name: Identifier {
                        name: "next",
                        location: use_trait_generic_trait.lm:43:47,
                    },
                    parameters: [],
                    type_parameters: [],
                    return_type: Type {
                        name: Path {
                            root: [],
                            name: Type {
                                name: Identifier {
                                    name: "T",
                                    location: use_trait_generic_trait.lm:53:54,
                                },
                                bound_types: [],
                                location: use_trait_generic_trait.lm:53:54,
                            },
                            location: use_trait_generic_trait.lm:53:54,
                        },
                        location: use_trait_generic_trait.lm:53:54,
                    },
                    block: Block {
                        statements: [],
                        location: use_trait_generic_trait.lm:55:58,
                    },
                    location: use_trait_generic_trait.lm:40:58,
                },
            ],
            type_parameters: [
                TypeParameter {
                    name: Identifier {
                        name: "T",
                        location: use_trait_generic_trait.lm:4:5,
                    },
                    constraints: [],
                    location: use_trait_generic_trait.lm:4:5,
                },
            ],
            location: use_trait_generic_trait.lm:0:60,
        },
    ],
}