---
source: compiler/lume_typech/src/tests/check/generic.rs
description: "struct A {}\n\n        impl A {\n            pub fn bar<T>(val:  T) { }\n        }\n\n        fn bar() {\n            A::bar<Boolean>(0);\n        }"
---
× error[LM4001]: mismatched types
   ╭───────────
 7 │         fn bar() {
 8 │             A::bar<Boolean>(0);
   │                             ^ expected type Boolean, but found type Int32...
 9 │         }
   ∶ 
 7 │         fn bar() {
 8 │             A::bar<Boolean>(0);
   │                    ^^^^^^^ ...because of type defined here
 9 │         }
   ╰──
   help: expected type Boolean
            found type Int32
