---
source: compiler/lume_parser/src/tests.rs
expression: "parse_expr(\"false = b;\")"
---
[
    Expression(
        Assignment(
            Assignment {
                target: Literal(
                    Boolean(
                        BooleanLiteral {
                            value: false,
                            location: Location(
                                0..5,
                            ),
                        },
                    ),
                ),
                value: Variable(
                    Variable {
                        name: Identifier {
                            name: "b",
                            location: Location(
                                8..9,
                            ),
                        },
                    },
                ),
                location: Location(
                    0..9,
                ),
            },
        ),
    ),
]
