---
source: compiler/lume_parser/src/tests.rs
expression: "parse(\"\n        impl Foo {\n            fn bar() { }\n        }\")"
---
[
    Impl(
        Implementation {
            visibility: Private(
                Private {
                    location: Location(
                        9..13,
                    ),
                },
            ),
            name: Scalar(
                ScalarType {
                    name: Path {
                        root: [],
                        name: PathSegment {
                            name: Identifier {
                                name: "Foo",
                                location: Location(
                                    14..17,
                                ),
                            },
                            type_arguments: [],
                            location: Location(
                                14..17,
                            ),
                        },
                        location: Location(
                            14..17,
                        ),
                    },
                },
            ),
            methods: [
                MethodDefinition {
                    visibility: Private(
                        Private {
                            location: Location(
                                32..34,
                            ),
                        },
                    ),
                    external: false,
                    name: Identifier {
                        name: "bar",
                        location: Location(
                            35..38,
                        ),
                    },
                    parameters: [],
                    type_parameters: [],
                    return_type: None,
                    block: Block {
                        statements: [],
                        location: Location(
                            41..44,
                        ),
                    },
                    location: Location(
                        32..44,
                    ),
                    documentation: None,
                },
            ],
            type_parameters: [],
            location: Location(
                9..54,
            ),
        },
    ),
]
