---
source: compiler/lume_parser/src/tests.rs
expression: "parse(\"struct Test<T: Numeric> {}\")"
---
[
    TypeDefinition(
        Struct(
            StructDefinition {
                name: Identifier {
                    name: "Test",
                    location: Location(
                        7..11,
                    ),
                },
                builtin: false,
                properties: [],
                type_parameters: [
                    TypeParameter {
                        name: Identifier {
                            name: "T",
                            location: Location(
                                12..13,
                            ),
                        },
                        constraints: [
                            Named(
                                NamedType {
                                    name: Path {
                                        root: [],
                                        name: PathSegment {
                                            name: Identifier {
                                                name: "Numeric",
                                                location: Location(
                                                    15..22,
                                                ),
                                            },
                                            type_arguments: [],
                                            location: Location(
                                                15..22,
                                            ),
                                        },
                                        location: Location(
                                            15..22,
                                        ),
                                    },
                                },
                            ),
                        ],
                    },
                ],
                location: Location(
                    0..26,
                ),
                documentation: None,
            },
        ),
    ),
]
