---
source: compiler/lume_parser/src/tests.rs
expression: "parse(\"pub(internal) fn foo {}\")"
---
[
    FunctionDefinition(
        FunctionDefinition {
            attributes: [],
            visibility: Some(
                Internal {
                    location: Location(
                        0..13,
                    ),
                },
            ),
            signature: Signature {
                external: false,
                name: Identifier {
                    name: "foo",
                    location: Location(
                        17..20,
                    ),
                },
                type_parameters: [],
                parameters: [],
                return_type: None,
                location: Location(
                    14..20,
                ),
            },
            block: Some(
                Block {
                    statements: [],
                    location: Location(
                        21..23,
                    ),
                },
            ),
            location: Location(
                0..23,
            ),
            documentation: None,
        },
    ),
]
