---
source: compiler/lume_parser/src/parser.rs
expression: "parse(\"impl Test { fn test<T1, T2>() -> void {} }\")"
---
[
    Impl(
        Implementation {
            visibility: Private(
                Private {
                    location: Location(
                        0..4,
                    ),
                },
            ),
            name: Scalar(
                ScalarType {
                    name: Path {
                        name: Identifier {
                            name: "Test",
                            location: Location(
                                5..9,
                            ),
                        },
                        root: NamespacePath {
                            path: [],
                            location: Location(
                                0..0,
                            ),
                        },
                        location: Location(
                            5..9,
                        ),
                    },
                },
            ),
            methods: [
                MethodDefinition {
                    visibility: Private(
                        Private {
                            location: Location(
                                12..14,
                            ),
                        },
                    ),
                    external: false,
                    name: Identifier {
                        name: "test",
                        location: Location(
                            15..19,
                        ),
                    },
                    parameters: [],
                    type_parameters: [
                        TypeParameter {
                            name: Identifier {
                                name: "T1",
                                location: Location(
                                    20..22,
                                ),
                            },
                            constraints: [],
                        },
                        TypeParameter {
                            name: Identifier {
                                name: "T2",
                                location: Location(
                                    24..26,
                                ),
                            },
                            constraints: [],
                        },
                    ],
                    return_type: Some(
                        Scalar(
                            ScalarType {
                                name: Path {
                                    name: Identifier {
                                        name: "void",
                                        location: Location(
                                            33..37,
                                        ),
                                    },
                                    root: NamespacePath {
                                        path: [],
                                        location: Location(
                                            0..0,
                                        ),
                                    },
                                    location: Location(
                                        33..37,
                                    ),
                                },
                            },
                        ),
                    ),
                    block: Block {
                        statements: [],
                        location: Location(
                            38..40,
                        ),
                    },
                    location: Location(
                        12..40,
                    ),
                    documentation: None,
                },
            ],
            type_parameters: [],
            location: Location(
                0..42,
            ),
        },
    ),
]
