---
source: compiler/lume_parser/src/parser.rs
expression: "parse_expr(\"\\\"\\\"\")"
---
[
    Expression(
        Literal(
            String(
                StringLiteral {
                    value: "",
                    location: Location(
                        0..2,
                    ),
                },
            ),
        ),
    ),
]
