---
source: compiler/lume_parser/src/tests.rs
expression: "parse(\"\n        use Zero: Int32 {\n            fn zero?() -> Boolean { }\n        }\")"
---
[
    TraitImplementation(
        TraitImplementation {
            name: Named(
                NamedType {
                    name: Path {
                        root: [],
                        name: Type {
                            name: Identifier {
                                name: "Zero",
                                location: Location(
                                    13..17,
                                ),
                            },
                            bound_types: [],
                            location: Location(
                                13..17,
                            ),
                        },
                        location: Location(
                            13..17,
                        ),
                    },
                },
            ),
            target: Named(
                NamedType {
                    name: Path {
                        root: [],
                        name: Type {
                            name: Identifier {
                                name: "Int32",
                                location: Location(
                                    19..24,
                                ),
                            },
                            bound_types: [],
                            location: Location(
                                19..24,
                            ),
                        },
                        location: Location(
                            19..24,
                        ),
                    },
                },
            ),
            methods: [
                TraitMethodImplementation {
                    signature: Signature {
                        external: false,
                        name: Identifier {
                            name: "zero?",
                            location: Location(
                                42..47,
                            ),
                        },
                        type_parameters: [],
                        parameters: [],
                        return_type: Some(
                            Named(
                                NamedType {
                                    name: Path {
                                        root: [],
                                        name: Type {
                                            name: Identifier {
                                                name: "Boolean",
                                                location: Location(
                                                    53..60,
                                                ),
                                            },
                                            bound_types: [],
                                            location: Location(
                                                53..60,
                                            ),
                                        },
                                        location: Location(
                                            53..60,
                                        ),
                                    },
                                },
                            ),
                        ),
                        location: Location(
                            39..60,
                        ),
                    },
                    block: Some(
                        Block {
                            statements: [],
                            location: Location(
                                61..64,
                            ),
                        },
                    ),
                    location: Location(
                        39..64,
                    ),
                },
            ],
            type_parameters: [],
            location: Location(
                9..74,
            ),
        },
    ),
]
