---
source: compiler/lume_parser/src/parser.rs
expression: "parse_err(\"class Test<T> where T1: Numeric {}\")"
---
ConstrainedTypeParameterNotFound {
    source: NamedSource {
        name: "<temp>",
        content: "class Test<T> where T1: Numeric {}",
    },
    range: 20..22,
    found: "T1",
    defined: [
        "T",
    ],
}
