---
source: compiler/lume_parser/src/tests.rs
expression: "parse_expr(\"switch a { }\")"
---
[
    Expression(
        Switch(
            Switch {
                operand: Variable(
                    Variable {
                        name: Identifier {
                            name: "a",
                            location: Location(
                                7..8,
                            ),
                        },
                    },
                ),
                cases: [],
                location: Location(
                    0..12,
                ),
            },
        ),
    ),
]
