---
source: compiler/lume_parser/src/tests.rs
expression: "parse_expr(\"0b01010101;\")"
---
[
    Expression(
        Literal(
            Int(
                IntLiteral {
                    value: 85,
                    location: Location(
                        0..10,
                    ),
                    kind: None,
                },
            ),
        ),
    ),
]
