---
source: compiler/lume_parser/src/parser.rs
expression: "parse_expr(\"return 1;\")"
---
[
    Return(
        Return {
            value: Some(
                Literal(
                    Int(
                        IntLiteral {
                            value: 1,
                            location: Location(
                                7..8,
                            ),
                            kind: I32,
                        },
                    ),
                ),
            ),
            location: Location(
                0..9,
            ),
        },
    ),
]
