---
source: compiler/lume_parser/src/tests.rs
expression: "parse(\"\n        impl Foo {\n            pub fn bar() -> Int32 {\n                return 0;\n            }\n        }\")"
---
[
    Impl(
        Implementation {
            name: Named(
                NamedType {
                    name: Path {
                        root: [],
                        name: Type {
                            name: Identifier {
                                name: "Foo",
                                location: Location(
                                    14..17,
                                ),
                            },
                            bound_types: [],
                            location: Location(
                                14..17,
                            ),
                        },
                        location: Location(
                            14..17,
                        ),
                    },
                },
            ),
            methods: [
                MethodDefinition {
                    attributes: [],
                    visibility: Some(
                        Public {
                            location: Location(
                                32..35,
                            ),
                        },
                    ),
                    external: false,
                    name: Identifier {
                        name: "bar",
                        location: Location(
                            39..42,
                        ),
                    },
                    parameters: [],
                    type_parameters: [],
                    return_type: Some(
                        Named(
                            NamedType {
                                name: Path {
                                    root: [],
                                    name: Type {
                                        name: Identifier {
                                            name: "Int32",
                                            location: Location(
                                                48..53,
                                            ),
                                        },
                                        bound_types: [],
                                        location: Location(
                                            48..53,
                                        ),
                                    },
                                    location: Location(
                                        48..53,
                                    ),
                                },
                            },
                        ),
                    ),
                    block: Some(
                        Block {
                            statements: [
                                Return(
                                    Return {
                                        value: Some(
                                            Literal(
                                                Int(
                                                    IntLiteral {
                                                        value: 0,
                                                        location: Location(
                                                            79..80,
                                                        ),
                                                        kind: None,
                                                    },
                                                ),
                                            ),
                                        ),
                                        location: Location(
                                            72..81,
                                        ),
                                    },
                                ),
                            ],
                            location: Location(
                                54..95,
                            ),
                        },
                    ),
                    location: Location(
                        32..95,
                    ),
                    documentation: None,
                },
            ],
            type_parameters: [],
            location: Location(
                9..105,
            ),
        },
    ),
]
