---
source: compiler/lume_parser/src/tests.rs
expression: "parse(\"struct Test<T1,> {}\")"
---
[
    StructDefinition(
        StructDefinition {
            attributes: [],
            visibility: None,
            name: Identifier {
                name: "Test",
                location: Location(
                    7..11,
                ),
            },
            fields: [],
            type_parameters: [
                TypeParameter {
                    name: Identifier {
                        name: "T1",
                        location: Location(
                            12..14,
                        ),
                    },
                    constraints: [],
                },
            ],
            location: Location(
                0..19,
            ),
            documentation: None,
        },
    ),
]
