---
source: compiler/lume_parser/src/tests.rs
expression: "parse_expr(\"0 == 0 || 0 == 0;\")"
---
[
    Expression(
        IntrinsicCall(
            IntrinsicCall {
                kind: Or {
                    lhs: IntrinsicCall(
                        IntrinsicCall {
                            kind: Equal {
                                lhs: Literal(
                                    Int(
                                        IntLiteral {
                                            value: 0,
                                            location: Location(
                                                0..1,
                                            ),
                                            kind: None,
                                        },
                                    ),
                                ),
                                rhs: Literal(
                                    Int(
                                        IntLiteral {
                                            value: 0,
                                            location: Location(
                                                5..6,
                                            ),
                                            kind: None,
                                        },
                                    ),
                                ),
                            },
                            location: Location(
                                0..6,
                            ),
                        },
                    ),
                    rhs: IntrinsicCall(
                        IntrinsicCall {
                            kind: Equal {
                                lhs: Literal(
                                    Int(
                                        IntLiteral {
                                            value: 0,
                                            location: Location(
                                                10..11,
                                            ),
                                            kind: None,
                                        },
                                    ),
                                ),
                                rhs: Literal(
                                    Int(
                                        IntLiteral {
                                            value: 0,
                                            location: Location(
                                                15..16,
                                            ),
                                            kind: None,
                                        },
                                    ),
                                ),
                            },
                            location: Location(
                                10..16,
                            ),
                        },
                    ),
                },
                location: Location(
                    0..16,
                ),
            },
        ),
    ),
]
