---
source: compiler/lume_parser/src/tests.rs
expression: "parse(\"\n        enum Foo {\n            Bar(Int32, Int32)\n        }\")"
---
[
    TypeDefinition(
        Enum(
            EnumDefinition {
                visibility: Private(
                    Private {
                        location: Location(
                            9..13,
                        ),
                    },
                ),
                name: Identifier {
                    name: "Foo",
                    location: Location(
                        14..17,
                    ),
                },
                cases: [
                    EnumDefinitionCase {
                        name: Identifier {
                            name: "Bar",
                            location: Location(
                                32..35,
                            ),
                        },
                        parameters: [
                            Named(
                                NamedType {
                                    name: Path {
                                        root: [],
                                        name: Type {
                                            name: Identifier {
                                                name: "Int32",
                                                location: Location(
                                                    36..41,
                                                ),
                                            },
                                            type_arguments: [],
                                            location: Location(
                                                36..42,
                                            ),
                                        },
                                        location: Location(
                                            36..42,
                                        ),
                                    },
                                },
                            ),
                            Named(
                                NamedType {
                                    name: Path {
                                        root: [],
                                        name: Type {
                                            name: Identifier {
                                                name: "Int32",
                                                location: Location(
                                                    43..48,
                                                ),
                                            },
                                            type_arguments: [],
                                            location: Location(
                                                43..49,
                                            ),
                                        },
                                        location: Location(
                                            43..49,
                                        ),
                                    },
                                },
                            ),
                        ],
                        location: Location(
                            32..49,
                        ),
                        documentation: None,
                    },
                ],
                location: Location(
                    9..59,
                ),
                documentation: None,
            },
        ),
    ),
]
