---
source: compiler/lume_parser/src/tests.rs
expression: "parse(\"\n        use Zero in Int32 {\n            fn zero?() -> Boolean { }\n        }\")"
---
[
    TraitImpl(
        TraitImplementation {
            name: Named(
                NamedType {
                    name: Path {
                        root: [],
                        name: Type {
                            name: Identifier {
                                name: "Zero",
                                location: Location(
                                    13..17,
                                ),
                            },
                            bound_types: [],
                            location: Location(
                                13..17,
                            ),
                        },
                        location: Location(
                            13..17,
                        ),
                    },
                },
            ),
            target: Named(
                NamedType {
                    name: Path {
                        root: [],
                        name: Type {
                            name: Identifier {
                                name: "Int32",
                                location: Location(
                                    21..26,
                                ),
                            },
                            bound_types: [],
                            location: Location(
                                21..26,
                            ),
                        },
                        location: Location(
                            21..26,
                        ),
                    },
                },
            ),
            methods: [
                TraitMethodImplementation {
                    external: false,
                    name: Identifier {
                        name: "zero?",
                        location: Location(
                            44..49,
                        ),
                    },
                    parameters: [],
                    type_parameters: [],
                    return_type: Some(
                        Named(
                            NamedType {
                                name: Path {
                                    root: [],
                                    name: Type {
                                        name: Identifier {
                                            name: "Boolean",
                                            location: Location(
                                                55..62,
                                            ),
                                        },
                                        bound_types: [],
                                        location: Location(
                                            55..62,
                                        ),
                                    },
                                    location: Location(
                                        55..62,
                                    ),
                                },
                            },
                        ),
                    ),
                    block: Some(
                        Block {
                            statements: [],
                            location: Location(
                                63..66,
                            ),
                        },
                    ),
                    location: Location(
                        41..66,
                    ),
                },
            ],
            type_parameters: [],
            location: Location(
                9..76,
            ),
        },
    ),
]
