---
source: compiler/lume_parser/src/parser.rs
expression: "parse_expr(\"-55\")"
---
[
    Expression(
        Literal(
            Int(
                IntLiteral {
                    value: -55,
                    location: Location(
                        1..3,
                    ),
                    kind: I32,
                },
            ),
        ),
    ),
]
