---
source: compiler/lume_parser/src/tests.rs
expression: "parse_expr(\"-55;\")"
---
[
    Expression(
        IntrinsicCall(
            IntrinsicCall {
                kind: Negate {
                    target: Literal(
                        Int(
                            IntLiteral {
                                value: 55,
                                location: Location(
                                    1..3,
                                ),
                                kind: None,
                            },
                        ),
                    ),
                },
                location: Location(
                    0..3,
                ),
            },
        ),
    ),
]
