---
source: compiler/lume_parser/src/tests.rs
expression: "parse_expr(\"let _ = { 1; };\")"
---
[
    VariableDeclaration(
        VariableDeclaration {
            name: Identifier {
                name: "_",
                location: Location(
                    4..5,
                ),
            },
            variable_type: None,
            value: Scope(
                Scope {
                    body: [
                        Expression(
                            Literal(
                                Int(
                                    IntLiteral {
                                        value: 1,
                                        location: Location(
                                            10..11,
                                        ),
                                        kind: None,
                                    },
                                ),
                            ),
                        ),
                    ],
                    location: Location(
                        8..14,
                    ),
                },
            ),
            location: Location(
                0..15,
            ),
        },
    ),
]
