---
source: compiler/lume_parser/src/tests.rs
expression: "parse(\"fn main(argc: UInt8) -> void { }\")"
---
[
    FunctionDefinition(
        FunctionDefinition {
            attributes: [],
            visibility: None,
            signature: Signature {
                external: false,
                name: Identifier {
                    name: "main",
                    location: Location(
                        3..7,
                    ),
                },
                type_parameters: [],
                parameters: [
                    Parameter {
                        name: Identifier {
                            name: "argc",
                            location: Location(
                                8..12,
                            ),
                        },
                        param_type: Named(
                            NamedType {
                                name: Path {
                                    root: [],
                                    name: Type {
                                        name: Identifier {
                                            name: "UInt8",
                                            location: Location(
                                                14..19,
                                            ),
                                        },
                                        bound_types: [],
                                        location: Location(
                                            14..19,
                                        ),
                                    },
                                    location: Location(
                                        14..19,
                                    ),
                                },
                            },
                        ),
                        vararg: false,
                        location: Location(
                            8..19,
                        ),
                    },
                ],
                return_type: Some(
                    Named(
                        NamedType {
                            name: Path {
                                root: [],
                                name: Type {
                                    name: Identifier {
                                        name: "void",
                                        location: Location(
                                            24..28,
                                        ),
                                    },
                                    bound_types: [],
                                    location: Location(
                                        24..28,
                                    ),
                                },
                                location: Location(
                                    24..28,
                                ),
                            },
                        },
                    ),
                ),
                location: Location(
                    0..28,
                ),
            },
            block: Some(
                Block {
                    statements: [],
                    location: Location(
                        29..32,
                    ),
                },
            ),
            location: Location(
                0..32,
            ),
            documentation: None,
        },
    ),
]
