---
source: compiler/lume_parser/src/tests.rs
expression: "parse_expr(\"-0x55;\")"
---
[
    Expression(
        Literal(
            Int(
                IntLiteral {
                    value: -85,
                    location: Location(
                        1..5,
                    ),
                    kind: None,
                },
            ),
        ),
    ),
]
