---
source: compiler/lume_parser/src/tests.rs
expression: "parse_err(\"struct Foo { pub fn bar() -> void { } }\")"
---
MethodInStruct {
    source: SourceFile {
        id: SourceFileId(
            PackageId(
                0,
            ),
            0,
        ),
        name: Internal,
        content: "struct Foo { pub fn bar() -> void { } }",
        package: PackageId(
            0,
        ),
    },
    range: 20..23,
}
