---
source: compiler/lume_parser/src/tests.rs
expression: "parse(Target :: Statement, \"let _ = a.call?();\")"
---
SOURCE_FILE@0..18
  LET_STMT@0..18
    LET_KW@0..3 "let"
    WHITESPACE@3..4 " "
    NAME@4..5
      IDENT@4..5 "_"
    WHITESPACE@5..6 " "
    ASSIGN@6..7 "="
    WHITESPACE@7..8 " "
    INSTANCE_CALL_EXPR@8..17
      VARIABLE_EXPR@8..9
        NAME@8..9
          IDENT@8..9 "a"
      DOT@9..10 "."
      NAME@10..15
        IDENT@10..14 "call"
        QUESTION@14..15 "?"
      ARG_LIST@15..17
        LEFT_PAREN@15..16 "("
        RIGHT_PAREN@16..17 ")"
    SEMICOLON@17..18 ";"
