---
source: compiler/lume_parser/src/tests.rs
expression: "parse(\"fn foo {}\")"
---
[
    FunctionDefinition(
        FunctionDefinition {
            visibility: None,
            external: false,
            name: Identifier {
                name: "foo",
                location: Location(
                    3..6,
                ),
            },
            parameters: [],
            type_parameters: [],
            return_type: None,
            block: Some(
                Block {
                    statements: [],
                    location: Location(
                        7..9,
                    ),
                },
            ),
            location: Location(
                0..9,
            ),
            documentation: None,
        },
    ),
]
