---
source: compiler/lume_parser/src/tests.rs
expression: "parse_expr_err(\"return;;\")"
---
InvalidExpression {
    source: SourceFile {
        id: SourceFileId(
            PackageId(
                0,
            ),
            0,
        ),
        name: Internal,
        content: "return;;",
        package: PackageId(
            0,
        ),
    },
    range: 7..8,
    actual: ;,
}
