---
source: compiler/lume_parser/src/parser.rs
expression: "parse(r#\"\n            use Enumerable<T> in Vector<T> {\n                pub fn next() -> T { }\n            }\"#)"
---
[
    Use(
        UseTrait {
            name: Generic(
                GenericType {
                    name: Path {
                        name: Identifier {
                            name: "Enumerable",
                            location: Location(
                                17..27,
                            ),
                        },
                        root: NamespacePath {
                            path: [],
                            location: Location(
                                0..0,
                            ),
                        },
                        location: Location(
                            17..27,
                        ),
                    },
                    type_params: [
                        Scalar(
                            ScalarType {
                                name: Path {
                                    name: Identifier {
                                        name: "T",
                                        location: Location(
                                            28..29,
                                        ),
                                    },
                                    root: NamespacePath {
                                        path: [],
                                        location: Location(
                                            0..0,
                                        ),
                                    },
                                    location: Location(
                                        28..29,
                                    ),
                                },
                            },
                        ),
                    ],
                    location: Location(
                        27..30,
                    ),
                },
            ),
            target: Generic(
                GenericType {
                    name: Path {
                        name: Identifier {
                            name: "Vector",
                            location: Location(
                                34..40,
                            ),
                        },
                        root: NamespacePath {
                            path: [],
                            location: Location(
                                0..0,
                            ),
                        },
                        location: Location(
                            34..40,
                        ),
                    },
                    type_params: [
                        Scalar(
                            ScalarType {
                                name: Path {
                                    name: Identifier {
                                        name: "T",
                                        location: Location(
                                            41..42,
                                        ),
                                    },
                                    root: NamespacePath {
                                        path: [],
                                        location: Location(
                                            0..0,
                                        ),
                                    },
                                    location: Location(
                                        41..42,
                                    ),
                                },
                            },
                        ),
                    ],
                    location: Location(
                        40..43,
                    ),
                },
            ),
            methods: [
                TraitMethodImplementation {
                    visibility: Public(
                        Public {
                            location: Location(
                                62..65,
                            ),
                        },
                    ),
                    name: Identifier {
                        name: "next",
                        location: Location(
                            69..73,
                        ),
                    },
                    parameters: [],
                    type_parameters: [],
                    return_type: Some(
                        Scalar(
                            ScalarType {
                                name: Path {
                                    name: Identifier {
                                        name: "T",
                                        location: Location(
                                            79..80,
                                        ),
                                    },
                                    root: NamespacePath {
                                        path: [],
                                        location: Location(
                                            0..0,
                                        ),
                                    },
                                    location: Location(
                                        79..80,
                                    ),
                                },
                            },
                        ),
                    ),
                    block: Block {
                        statements: [],
                        location: Location(
                            81..84,
                        ),
                    },
                    location: Location(
                        62..84,
                    ),
                },
            ],
            location: Location(
                13..98,
            ),
        },
    ),
]
