---
source: compiler/lume_parse/src/tests.rs
expression: "parse(Target :: Statement, \"let _ = { 1; 5; };\")"
---
SOURCE_FILE@0..18
  LET_STMT@0..18
    LET_KW@0..3 "let"
    WHITESPACE@3..4 " "
    NAME@4..5
      IDENT@4..5 "_"
    WHITESPACE@5..6 " "
    ASSIGN@6..7 "="
    WHITESPACE@7..8 " "
    SCOPE_EXPR@8..17
      BLOCK@8..17
        LEFT_BRACE@8..9 "{"
        EXPR_STMT@9..12
          WHITESPACE@9..10 " "
          LIT_EXPR@10..11
            INTEGER_LIT@10..11
              INTEGER_LIT@10..11 "1"
          SEMICOLON@11..12 ";"
        EXPR_STMT@12..15
          WHITESPACE@12..13 " "
          LIT_EXPR@13..14
            INTEGER_LIT@13..14
              INTEGER_LIT@13..14 "5"
          SEMICOLON@14..15 ";"
        WHITESPACE@15..16 " "
        RIGHT_BRACE@16..17 "}"
    SEMICOLON@17..18 ";"
