---
source: compiler/lume_parser/src/tests.rs
expression: "parse(\"\n        use Add<Int32> in Int32 {\n            fn add(other: Int32) -> Int32 {\n                return self + other;\n            }\n        }\")"
---
[
    TraitImpl(
        TraitImplementation {
            name: Named(
                NamedType {
                    name: Path {
                        root: [],
                        name: Type {
                            name: Identifier {
                                name: "Add",
                                location: Location(
                                    13..16,
                                ),
                            },
                            type_arguments: [
                                Named(
                                    NamedType {
                                        name: Path {
                                            root: [],
                                            name: Type {
                                                name: Identifier {
                                                    name: "Int32",
                                                    location: Location(
                                                        17..22,
                                                    ),
                                                },
                                                type_arguments: [],
                                                location: Location(
                                                    17..22,
                                                ),
                                            },
                                            location: Location(
                                                17..22,
                                            ),
                                        },
                                    },
                                ),
                            ],
                            location: Location(
                                13..23,
                            ),
                        },
                        location: Location(
                            13..23,
                        ),
                    },
                },
            ),
            target: Named(
                NamedType {
                    name: Path {
                        root: [],
                        name: Type {
                            name: Identifier {
                                name: "Int32",
                                location: Location(
                                    27..32,
                                ),
                            },
                            type_arguments: [],
                            location: Location(
                                27..32,
                            ),
                        },
                        location: Location(
                            27..32,
                        ),
                    },
                },
            ),
            methods: [
                TraitMethodImplementation {
                    external: false,
                    name: Identifier {
                        name: "add",
                        location: Location(
                            50..53,
                        ),
                    },
                    parameters: [
                        Parameter {
                            name: Identifier {
                                name: "other",
                                location: Location(
                                    54..59,
                                ),
                            },
                            param_type: Named(
                                NamedType {
                                    name: Path {
                                        root: [],
                                        name: Type {
                                            name: Identifier {
                                                name: "Int32",
                                                location: Location(
                                                    61..66,
                                                ),
                                            },
                                            type_arguments: [],
                                            location: Location(
                                                61..66,
                                            ),
                                        },
                                        location: Location(
                                            61..66,
                                        ),
                                    },
                                },
                            ),
                            vararg: false,
                            location: Location(
                                54..66,
                            ),
                        },
                    ],
                    type_parameters: [],
                    return_type: Some(
                        Named(
                            NamedType {
                                name: Path {
                                    root: [],
                                    name: Type {
                                        name: Identifier {
                                            name: "Int32",
                                            location: Location(
                                                71..76,
                                            ),
                                        },
                                        type_arguments: [],
                                        location: Location(
                                            71..76,
                                        ),
                                    },
                                    location: Location(
                                        71..76,
                                    ),
                                },
                            },
                        ),
                    ),
                    block: Some(
                        Block {
                            statements: [
                                Return(
                                    Return {
                                        value: Some(
                                            IntrinsicCall(
                                                IntrinsicCall {
                                                    callee: Variable(
                                                        Variable {
                                                            name: Identifier {
                                                                name: "self",
                                                                location: Location(
                                                                    102..106,
                                                                ),
                                                            },
                                                        },
                                                    ),
                                                    name: Path {
                                                        root: [],
                                                        name: Callable {
                                                            name: Identifier {
                                                                name: "+",
                                                                location: Location(
                                                                    107..108,
                                                                ),
                                                            },
                                                            type_arguments: [],
                                                            location: Location(
                                                                107..108,
                                                            ),
                                                        },
                                                        location: Location(
                                                            107..108,
                                                        ),
                                                    },
                                                    arguments: [
                                                        Variable(
                                                            Variable {
                                                                name: Identifier {
                                                                    name: "other",
                                                                    location: Location(
                                                                        109..114,
                                                                    ),
                                                                },
                                                            },
                                                        ),
                                                    ],
                                                    location: Location(
                                                        102..114,
                                                    ),
                                                },
                                            ),
                                        ),
                                        location: Location(
                                            95..115,
                                        ),
                                    },
                                ),
                            ],
                            location: Location(
                                77..129,
                            ),
                        },
                    ),
                    location: Location(
                        47..129,
                    ),
                },
            ],
            type_parameters: [],
            location: Location(
                9..139,
            ),
        },
    ),
]
