---
source: compiler/lume_hir_lower/src/tests.rs
description: "\n        let a = 0;\n        let b = 1;\n        let _ = ((a + b)..(a + b + 1));"
---
[
    Statement {
        id: StatementId {
            def: ItemId {
                package: PackageId(
                    0,
                ),
                index: Idx(
                    0,
                ),
            },
            index: Idx(
                0,
            ),
        },
        kind: Variable(
            VariableDeclaration {
                id: StatementId {
                    def: ItemId {
                        package: PackageId(
                            0,
                        ),
                        index: Idx(
                            0,
                        ),
                    },
                    index: Idx(
                        0,
                    ),
                },
                name: Identifier {
                    name: "a",
                    location: <internal>:13:14,
                },
                declared_type: None,
                value: Expression {
                    id: ExpressionId {
                        def: ItemId {
                            package: PackageId(
                                0,
                            ),
                            index: Idx(
                                0,
                            ),
                        },
                        index: Idx(
                            1,
                        ),
                    },
                    kind: Literal(
                        Literal {
                            id: ExpressionId {
                                def: ItemId {
                                    package: PackageId(
                                        0,
                                    ),
                                    index: Idx(
                                        0,
                                    ),
                                },
                                index: Idx(
                                    1,
                                ),
                            },
                            kind: Int(
                                IntLiteral {
                                    id: ExpressionId {
                                        def: ItemId {
                                            package: PackageId(
                                                0,
                                            ),
                                            index: Idx(
                                                0,
                                            ),
                                        },
                                        index: Idx(
                                            1,
                                        ),
                                    },
                                    value: 0,
                                    kind: I32,
                                },
                            ),
                            location: <internal>:17:18,
                        },
                    ),
                    location: <internal>:17:18,
                },
                location: <internal>:9:19,
            },
        ),
        location: <internal>:9:19,
    },
    Statement {
        id: StatementId {
            def: ItemId {
                package: PackageId(
                    0,
                ),
                index: Idx(
                    0,
                ),
            },
            index: Idx(
                2,
            ),
        },
        kind: Variable(
            VariableDeclaration {
                id: StatementId {
                    def: ItemId {
                        package: PackageId(
                            0,
                        ),
                        index: Idx(
                            0,
                        ),
                    },
                    index: Idx(
                        2,
                    ),
                },
                name: Identifier {
                    name: "b",
                    location: <internal>:32:33,
                },
                declared_type: None,
                value: Expression {
                    id: ExpressionId {
                        def: ItemId {
                            package: PackageId(
                                0,
                            ),
                            index: Idx(
                                0,
                            ),
                        },
                        index: Idx(
                            3,
                        ),
                    },
                    kind: Literal(
                        Literal {
                            id: ExpressionId {
                                def: ItemId {
                                    package: PackageId(
                                        0,
                                    ),
                                    index: Idx(
                                        0,
                                    ),
                                },
                                index: Idx(
                                    3,
                                ),
                            },
                            kind: Int(
                                IntLiteral {
                                    id: ExpressionId {
                                        def: ItemId {
                                            package: PackageId(
                                                0,
                                            ),
                                            index: Idx(
                                                0,
                                            ),
                                        },
                                        index: Idx(
                                            3,
                                        ),
                                    },
                                    value: 1,
                                    kind: I32,
                                },
                            ),
                            location: <internal>:36:37,
                        },
                    ),
                    location: <internal>:36:37,
                },
                location: <internal>:28:38,
            },
        ),
        location: <internal>:28:38,
    },
    Statement {
        id: StatementId {
            def: ItemId {
                package: PackageId(
                    0,
                ),
                index: Idx(
                    0,
                ),
            },
            index: Idx(
                4,
            ),
        },
        kind: Variable(
            VariableDeclaration {
                id: StatementId {
                    def: ItemId {
                        package: PackageId(
                            0,
                        ),
                        index: Idx(
                            0,
                        ),
                    },
                    index: Idx(
                        4,
                    ),
                },
                name: Identifier {
                    name: "_",
                    location: <internal>:51:52,
                },
                declared_type: None,
                value: Expression {
                    id: ExpressionId {
                        def: ItemId {
                            package: PackageId(
                                0,
                            ),
                            index: Idx(
                                0,
                            ),
                        },
                        index: Idx(
                            5,
                        ),
                    },
                    kind: StaticCall(
                        StaticCall {
                            id: ExpressionId {
                                def: ItemId {
                                    package: PackageId(
                                        0,
                                    ),
                                    index: Idx(
                                        0,
                                    ),
                                },
                                index: Idx(
                                    5,
                                ),
                            },
                            name: Path {
                                root: [
                                    Namespace {
                                        name: Identifier {
                                            name: "std",
                                            location: <internal>:0:0,
                                        },
                                    },
                                    Type {
                                        name: Identifier {
                                            name: "Range",
                                            location: <internal>:0:0,
                                        },
                                        type_arguments: [],
                                        location: <internal>:0:0,
                                    },
                                ],
                                name: Callable {
                                    name: Identifier {
                                        name: "new",
                                        location: <internal>:0:0,
                                    },
                                    type_arguments: [],
                                    location: <internal>:0:0,
                                },
                                location: <internal>:0:0,
                            },
                            arguments: [
                                Expression {
                                    id: ExpressionId {
                                        def: ItemId {
                                            package: PackageId(
                                                0,
                                            ),
                                            index: Idx(
                                                0,
                                            ),
                                        },
                                        index: Idx(
                                            6,
                                        ),
                                    },
                                    kind: IntrinsicCall(
                                        IntrinsicCall {
                                            id: ExpressionId {
                                                def: ItemId {
                                                    package: PackageId(
                                                        0,
                                                    ),
                                                    index: Idx(
                                                        0,
                                                    ),
                                                },
                                                index: Idx(
                                                    6,
                                                ),
                                            },
                                            name: Callable {
                                                name: Identifier {
                                                    name: "+",
                                                    location: <internal>:59:60,
                                                },
                                                type_arguments: [],
                                                location: <internal>:59:60,
                                            },
                                            arguments: [
                                                Expression {
                                                    id: ExpressionId {
                                                        def: ItemId {
                                                            package: PackageId(
                                                                0,
                                                            ),
                                                            index: Idx(
                                                                0,
                                                            ),
                                                        },
                                                        index: Idx(
                                                            7,
                                                        ),
                                                    },
                                                    kind: Variable(
                                                        Variable {
                                                            id: ExpressionId {
                                                                def: ItemId {
                                                                    package: PackageId(
                                                                        0,
                                                                    ),
                                                                    index: Idx(
                                                                        0,
                                                                    ),
                                                                },
                                                                index: Idx(
                                                                    7,
                                                                ),
                                                            },
                                                            reference: Variable(
                                                                VariableDeclaration {
                                                                    id: StatementId {
                                                                        def: ItemId {
                                                                            package: PackageId(
                                                                                0,
                                                                            ),
                                                                            index: Idx(
                                                                                0,
                                                                            ),
                                                                        },
                                                                        index: Idx(
                                                                            0,
                                                                        ),
                                                                    },
                                                                    name: Identifier {
                                                                        name: "a",
                                                                        location: <internal>:13:14,
                                                                    },
                                                                    declared_type: None,
                                                                    value: Expression {
                                                                        id: ExpressionId {
                                                                            def: ItemId {
                                                                                package: PackageId(
                                                                                    0,
                                                                                ),
                                                                                index: Idx(
                                                                                    0,
                                                                                ),
                                                                            },
                                                                            index: Idx(
                                                                                1,
                                                                            ),
                                                                        },
                                                                        kind: Literal(
                                                                            Literal {
                                                                                id: ExpressionId {
                                                                                    def: ItemId {
                                                                                        package: PackageId(
                                                                                            0,
                                                                                        ),
                                                                                        index: Idx(
                                                                                            0,
                                                                                        ),
                                                                                    },
                                                                                    index: Idx(
                                                                                        1,
                                                                                    ),
                                                                                },
                                                                                kind: Int(
                                                                                    IntLiteral {
                                                                                        id: ExpressionId {
                                                                                            def: ItemId {
                                                                                                package: PackageId(
                                                                                                    0,
                                                                                                ),
                                                                                                index: Idx(
                                                                                                    0,
                                                                                                ),
                                                                                            },
                                                                                            index: Idx(
                                                                                                1,
                                                                                            ),
                                                                                        },
                                                                                        value: 0,
                                                                                        kind: I32,
                                                                                    },
                                                                                ),
                                                                                location: <internal>:17:18,
                                                                            },
                                                                        ),
                                                                        location: <internal>:17:18,
                                                                    },
                                                                    location: <internal>:9:19,
                                                                },
                                                            ),
                                                            name: Identifier {
                                                                name: "a",
                                                                location: <internal>:57:58,
                                                            },
                                                            location: <internal>:57:58,
                                                        },
                                                    ),
                                                    location: <internal>:57:58,
                                                },
                                                Expression {
                                                    id: ExpressionId {
                                                        def: ItemId {
                                                            package: PackageId(
                                                                0,
                                                            ),
                                                            index: Idx(
                                                                0,
                                                            ),
                                                        },
                                                        index: Idx(
                                                            8,
                                                        ),
                                                    },
                                                    kind: Variable(
                                                        Variable {
                                                            id: ExpressionId {
                                                                def: ItemId {
                                                                    package: PackageId(
                                                                        0,
                                                                    ),
                                                                    index: Idx(
                                                                        0,
                                                                    ),
                                                                },
                                                                index: Idx(
                                                                    8,
                                                                ),
                                                            },
                                                            reference: Variable(
                                                                VariableDeclaration {
                                                                    id: StatementId {
                                                                        def: ItemId {
                                                                            package: PackageId(
                                                                                0,
                                                                            ),
                                                                            index: Idx(
                                                                                0,
                                                                            ),
                                                                        },
                                                                        index: Idx(
                                                                            2,
                                                                        ),
                                                                    },
                                                                    name: Identifier {
                                                                        name: "b",
                                                                        location: <internal>:32:33,
                                                                    },
                                                                    declared_type: None,
                                                                    value: Expression {
                                                                        id: ExpressionId {
                                                                            def: ItemId {
                                                                                package: PackageId(
                                                                                    0,
                                                                                ),
                                                                                index: Idx(
                                                                                    0,
                                                                                ),
                                                                            },
                                                                            index: Idx(
                                                                                3,
                                                                            ),
                                                                        },
                                                                        kind: Literal(
                                                                            Literal {
                                                                                id: ExpressionId {
                                                                                    def: ItemId {
                                                                                        package: PackageId(
                                                                                            0,
                                                                                        ),
                                                                                        index: Idx(
                                                                                            0,
                                                                                        ),
                                                                                    },
                                                                                    index: Idx(
                                                                                        3,
                                                                                    ),
                                                                                },
                                                                                kind: Int(
                                                                                    IntLiteral {
                                                                                        id: ExpressionId {
                                                                                            def: ItemId {
                                                                                                package: PackageId(
                                                                                                    0,
                                                                                                ),
                                                                                                index: Idx(
                                                                                                    0,
                                                                                                ),
                                                                                            },
                                                                                            index: Idx(
                                                                                                3,
                                                                                            ),
                                                                                        },
                                                                                        value: 1,
                                                                                        kind: I32,
                                                                                    },
                                                                                ),
                                                                                location: <internal>:36:37,
                                                                            },
                                                                        ),
                                                                        location: <internal>:36:37,
                                                                    },
                                                                    location: <internal>:28:38,
                                                                },
                                                            ),
                                                            name: Identifier {
                                                                name: "b",
                                                                location: <internal>:61:62,
                                                            },
                                                            location: <internal>:61:62,
                                                        },
                                                    ),
                                                    location: <internal>:61:62,
                                                },
                                            ],
                                            location: <internal>:57:62,
                                        },
                                    ),
                                    location: <internal>:57:62,
                                },
                                Expression {
                                    id: ExpressionId {
                                        def: ItemId {
                                            package: PackageId(
                                                0,
                                            ),
                                            index: Idx(
                                                0,
                                            ),
                                        },
                                        index: Idx(
                                            9,
                                        ),
                                    },
                                    kind: IntrinsicCall(
                                        IntrinsicCall {
                                            id: ExpressionId {
                                                def: ItemId {
                                                    package: PackageId(
                                                        0,
                                                    ),
                                                    index: Idx(
                                                        0,
                                                    ),
                                                },
                                                index: Idx(
                                                    9,
                                                ),
                                            },
                                            name: Callable {
                                                name: Identifier {
                                                    name: "+",
                                                    location: <internal>:72:73,
                                                },
                                                type_arguments: [],
                                                location: <internal>:72:73,
                                            },
                                            arguments: [
                                                Expression {
                                                    id: ExpressionId {
                                                        def: ItemId {
                                                            package: PackageId(
                                                                0,
                                                            ),
                                                            index: Idx(
                                                                0,
                                                            ),
                                                        },
                                                        index: Idx(
                                                            10,
                                                        ),
                                                    },
                                                    kind: IntrinsicCall(
                                                        IntrinsicCall {
                                                            id: ExpressionId {
                                                                def: ItemId {
                                                                    package: PackageId(
                                                                        0,
                                                                    ),
                                                                    index: Idx(
                                                                        0,
                                                                    ),
                                                                },
                                                                index: Idx(
                                                                    10,
                                                                ),
                                                            },
                                                            name: Callable {
                                                                name: Identifier {
                                                                    name: "+",
                                                                    location: <internal>:68:69,
                                                                },
                                                                type_arguments: [],
                                                                location: <internal>:68:69,
                                                            },
                                                            arguments: [
                                                                Expression {
                                                                    id: ExpressionId {
                                                                        def: ItemId {
                                                                            package: PackageId(
                                                                                0,
                                                                            ),
                                                                            index: Idx(
                                                                                0,
                                                                            ),
                                                                        },
                                                                        index: Idx(
                                                                            11,
                                                                        ),
                                                                    },
                                                                    kind: Variable(
                                                                        Variable {
                                                                            id: ExpressionId {
                                                                                def: ItemId {
                                                                                    package: PackageId(
                                                                                        0,
                                                                                    ),
                                                                                    index: Idx(
                                                                                        0,
                                                                                    ),
                                                                                },
                                                                                index: Idx(
                                                                                    11,
                                                                                ),
                                                                            },
                                                                            reference: Variable(
                                                                                VariableDeclaration {
                                                                                    id: StatementId {
                                                                                        def: ItemId {
                                                                                            package: PackageId(
                                                                                                0,
                                                                                            ),
                                                                                            index: Idx(
                                                                                                0,
                                                                                            ),
                                                                                        },
                                                                                        index: Idx(
                                                                                            0,
                                                                                        ),
                                                                                    },
                                                                                    name: Identifier {
                                                                                        name: "a",
                                                                                        location: <internal>:13:14,
                                                                                    },
                                                                                    declared_type: None,
                                                                                    value: Expression {
                                                                                        id: ExpressionId {
                                                                                            def: ItemId {
                                                                                                package: PackageId(
                                                                                                    0,
                                                                                                ),
                                                                                                index: Idx(
                                                                                                    0,
                                                                                                ),
                                                                                            },
                                                                                            index: Idx(
                                                                                                1,
                                                                                            ),
                                                                                        },
                                                                                        kind: Literal(
                                                                                            Literal {
                                                                                                id: ExpressionId {
                                                                                                    def: ItemId {
                                                                                                        package: PackageId(
                                                                                                            0,
                                                                                                        ),
                                                                                                        index: Idx(
                                                                                                            0,
                                                                                                        ),
                                                                                                    },
                                                                                                    index: Idx(
                                                                                                        1,
                                                                                                    ),
                                                                                                },
                                                                                                kind: Int(
                                                                                                    IntLiteral {
                                                                                                        id: ExpressionId {
                                                                                                            def: ItemId {
                                                                                                                package: PackageId(
                                                                                                                    0,
                                                                                                                ),
                                                                                                                index: Idx(
                                                                                                                    0,
                                                                                                                ),
                                                                                                            },
                                                                                                            index: Idx(
                                                                                                                1,
                                                                                                            ),
                                                                                                        },
                                                                                                        value: 0,
                                                                                                        kind: I32,
                                                                                                    },
                                                                                                ),
                                                                                                location: <internal>:17:18,
                                                                                            },
                                                                                        ),
                                                                                        location: <internal>:17:18,
                                                                                    },
                                                                                    location: <internal>:9:19,
                                                                                },
                                                                            ),
                                                                            name: Identifier {
                                                                                name: "a",
                                                                                location: <internal>:66:67,
                                                                            },
                                                                            location: <internal>:66:67,
                                                                        },
                                                                    ),
                                                                    location: <internal>:66:67,
                                                                },
                                                                Expression {
                                                                    id: ExpressionId {
                                                                        def: ItemId {
                                                                            package: PackageId(
                                                                                0,
                                                                            ),
                                                                            index: Idx(
                                                                                0,
                                                                            ),
                                                                        },
                                                                        index: Idx(
                                                                            12,
                                                                        ),
                                                                    },
                                                                    kind: Variable(
                                                                        Variable {
                                                                            id: ExpressionId {
                                                                                def: ItemId {
                                                                                    package: PackageId(
                                                                                        0,
                                                                                    ),
                                                                                    index: Idx(
                                                                                        0,
                                                                                    ),
                                                                                },
                                                                                index: Idx(
                                                                                    12,
                                                                                ),
                                                                            },
                                                                            reference: Variable(
                                                                                VariableDeclaration {
                                                                                    id: StatementId {
                                                                                        def: ItemId {
                                                                                            package: PackageId(
                                                                                                0,
                                                                                            ),
                                                                                            index: Idx(
                                                                                                0,
                                                                                            ),
                                                                                        },
                                                                                        index: Idx(
                                                                                            2,
                                                                                        ),
                                                                                    },
                                                                                    name: Identifier {
                                                                                        name: "b",
                                                                                        location: <internal>:32:33,
                                                                                    },
                                                                                    declared_type: None,
                                                                                    value: Expression {
                                                                                        id: ExpressionId {
                                                                                            def: ItemId {
                                                                                                package: PackageId(
                                                                                                    0,
                                                                                                ),
                                                                                                index: Idx(
                                                                                                    0,
                                                                                                ),
                                                                                            },
                                                                                            index: Idx(
                                                                                                3,
                                                                                            ),
                                                                                        },
                                                                                        kind: Literal(
                                                                                            Literal {
                                                                                                id: ExpressionId {
                                                                                                    def: ItemId {
                                                                                                        package: PackageId(
                                                                                                            0,
                                                                                                        ),
                                                                                                        index: Idx(
                                                                                                            0,
                                                                                                        ),
                                                                                                    },
                                                                                                    index: Idx(
                                                                                                        3,
                                                                                                    ),
                                                                                                },
                                                                                                kind: Int(
                                                                                                    IntLiteral {
                                                                                                        id: ExpressionId {
                                                                                                            def: ItemId {
                                                                                                                package: PackageId(
                                                                                                                    0,
                                                                                                                ),
                                                                                                                index: Idx(
                                                                                                                    0,
                                                                                                                ),
                                                                                                            },
                                                                                                            index: Idx(
                                                                                                                3,
                                                                                                            ),
                                                                                                        },
                                                                                                        value: 1,
                                                                                                        kind: I32,
                                                                                                    },
                                                                                                ),
                                                                                                location: <internal>:36:37,
                                                                                            },
                                                                                        ),
                                                                                        location: <internal>:36:37,
                                                                                    },
                                                                                    location: <internal>:28:38,
                                                                                },
                                                                            ),
                                                                            name: Identifier {
                                                                                name: "b",
                                                                                location: <internal>:70:71,
                                                                            },
                                                                            location: <internal>:70:71,
                                                                        },
                                                                    ),
                                                                    location: <internal>:70:71,
                                                                },
                                                            ],
                                                            location: <internal>:66:71,
                                                        },
                                                    ),
                                                    location: <internal>:66:71,
                                                },
                                                Expression {
                                                    id: ExpressionId {
                                                        def: ItemId {
                                                            package: PackageId(
                                                                0,
                                                            ),
                                                            index: Idx(
                                                                0,
                                                            ),
                                                        },
                                                        index: Idx(
                                                            13,
                                                        ),
                                                    },
                                                    kind: Literal(
                                                        Literal {
                                                            id: ExpressionId {
                                                                def: ItemId {
                                                                    package: PackageId(
                                                                        0,
                                                                    ),
                                                                    index: Idx(
                                                                        0,
                                                                    ),
                                                                },
                                                                index: Idx(
                                                                    13,
                                                                ),
                                                            },
                                                            kind: Int(
                                                                IntLiteral {
                                                                    id: ExpressionId {
                                                                        def: ItemId {
                                                                            package: PackageId(
                                                                                0,
                                                                            ),
                                                                            index: Idx(
                                                                                0,
                                                                            ),
                                                                        },
                                                                        index: Idx(
                                                                            13,
                                                                        ),
                                                                    },
                                                                    value: 1,
                                                                    kind: I32,
                                                                },
                                                            ),
                                                            location: <internal>:74:75,
                                                        },
                                                    ),
                                                    location: <internal>:74:75,
                                                },
                                            ],
                                            location: <internal>:66:75,
                                        },
                                    ),
                                    location: <internal>:66:75,
                                },
                            ],
                            location: <internal>:57:75,
                        },
                    ),
                    location: <internal>:57:75,
                },
                location: <internal>:47:78,
            },
        ),
        location: <internal>:47:78,
    },
]
