---
source: compiler/lume_hir_lower/src/tests.rs
description: "\n            use Add<Int32> in Int32 {\n                pub fn add(other: Int32) -> Int32 {}\n            }"
---
Map {
    package: PackageId(
        0,
    ),
    items: {
        ItemId(
            4965440130371766701,
        ): Use(
            TraitImplementation {
                id: ItemId(
                    4965440130371766701,
                ),
                use_id: None,
                name: Type {
                    id: ItemId(
                        6407746163834014811,
                    ),
                    name: Path {
                        root: [],
                        name: Type {
                            name: Identifier {
                                name: "Add",
                                location: <internal>:17:20,
                            },
                            type_arguments: [
                                Type {
                                    id: ItemId(
                                        6143724420395906933,
                                    ),
                                    name: Path {
                                        root: [
                                            Namespace {
                                                name: Identifier {
                                                    name: "std",
                                                    location: <internal>:0:0,
                                                },
                                            },
                                        ],
                                        name: Type {
                                            name: Identifier {
                                                name: "Int32",
                                                location: <internal>:0:0,
                                            },
                                            type_arguments: [],
                                            location: <internal>:0:0,
                                        },
                                        location: <internal>:0:0,
                                    },
                                    location: <internal>:21:27,
                                },
                            ],
                            location: <internal>:17:30,
                        },
                        location: <internal>:17:30,
                    },
                    location: <internal>:17:30,
                },
                target: Type {
                    id: ItemId(
                        6143724420395906933,
                    ),
                    name: Path {
                        root: [
                            Namespace {
                                name: Identifier {
                                    name: "std",
                                    location: <internal>:0:0,
                                },
                            },
                        ],
                        name: Type {
                            name: Identifier {
                                name: "Int32",
                                location: <internal>:0:0,
                            },
                            type_arguments: [],
                            location: <internal>:0:0,
                        },
                        location: <internal>:0:0,
                    },
                    location: <internal>:31:38,
                },
                visibility: Private,
                methods: [
                    TraitMethodImplementation {
                        id: Method(
                            MethodId {
                                item: ItemId(
                                    0,
                                ),
                                index: Idx(
                                    0,
                                ),
                            },
                        ),
                        method_id: None,
                        visibility: Public,
                        name: Identifier {
                            name: "add",
                            location: <internal>:62:65,
                        },
                        parameters: [
                            Parameter {
                                index: 0,
                                name: Identifier {
                                    name: "other",
                                    location: <internal>:66:71,
                                },
                                param_type: Type {
                                    id: ItemId(
                                        6143724420395906933,
                                    ),
                                    name: Path {
                                        root: [
                                            Namespace {
                                                name: Identifier {
                                                    name: "std",
                                                    location: <internal>:0:0,
                                                },
                                            },
                                        ],
                                        name: Type {
                                            name: Identifier {
                                                name: "Int32",
                                                location: <internal>:0:0,
                                            },
                                            type_arguments: [],
                                            location: <internal>:0:0,
                                        },
                                        location: <internal>:0:0,
                                    },
                                    location: <internal>:73:79,
                                },
                                vararg: false,
                                location: <internal>:66:79,
                            },
                        ],
                        type_parameters: TypeParameters {
                            inner: [],
                        },
                        return_type: Type {
                            id: ItemId(
                                6143724420395906933,
                            ),
                            name: Path {
                                root: [
                                    Namespace {
                                        name: Identifier {
                                            name: "std",
                                            location: <internal>:0:0,
                                        },
                                    },
                                ],
                                name: Type {
                                    name: Identifier {
                                        name: "Int32",
                                        location: <internal>:0:0,
                                    },
                                    type_arguments: [],
                                    location: <internal>:0:0,
                                },
                                location: <internal>:0:0,
                            },
                            location: <internal>:83:90,
                        },
                        block: Block {
                            statements: [],
                            location: <internal>:89:91,
                        },
                        location: <internal>:55:91,
                    },
                ],
                type_parameters: TypeParameters {
                    inner: [],
                },
                location: <internal>:13:105,
            },
        ),
    },
    statements: {},
    expressions: {},
}
