---
source: compiler/lume_hir_lower/src/tests.rs
description: "impl Int32 {}"
---
Map {
    package: PackageId(
        0,
    ),
    items: {
        ItemId(
            17356753458964956386,
        ): Impl(
            Implementation {
                id: ItemId(
                    17356753458964956386,
                ),
                impl_id: None,
                target: Type {
                    id: ItemId(
                        13608251888059153114,
                    ),
                    name: SymbolName {
                        namespace: Some(
                            PathRoot {
                                segments: [
                                    Named(
                                        Identifier {
                                            name: "std",
                                            location: <internal>:0:0,
                                        },
                                    ),
                                ],
                            },
                        ),
                        name: Named(
                            Identifier {
                                name: "Int32",
                                location: <internal>:0:0,
                            },
                        ),
                        location: <internal>:0:0,
                    },
                    type_params: [],
                    location: <internal>:5:10,
                },
                methods: [],
                type_parameters: TypeParameters {
                    inner: [],
                },
                location: <internal>:0:13,
            },
        ),
    },
    statements: {},
    expressions: {},
}
