---
source: compiler/lume_hir/src/lower/tests.rs
description: "/// This is a doc comment\n        type Foo = Bar"
---
Map {
    package: PackageId(
        0,
    ),
    items: {
        18213876290066861800: Type(
            Alias(
                AliasDefinition {
                    id: 18213876290066861800,
                    type_id: None,
                    name: Foo,
                    definition: Type {
                        name: Bar,
                        type_params: [],
                        location: <internal>:45:48,
                    },
                    location: <internal>:34:48,
                },
            ),
        ),
    },
    statements: {},
    expressions: {},
}
