---
source: compiler/lume_hir_lower/src/tests.rs
description: "impl Foo {\n            /// This is a doc comment\n            pub fn bar() -> void { }\n        }"
---
Map {
    package: PackageId(
        0,
    ),
    items: {
        ItemId(
            2656278562799560035,
        ): Impl(
            Implementation {
                id: ItemId(
                    2656278562799560035,
                ),
                impl_id: None,
                target: Type {
                    id: ItemId(
                        11998015298247387671,
                    ),
                    name: SymbolName {
                        namespace: Some(
                            PathRoot {
                                segments: [],
                            },
                        ),
                        name: Named(
                            Identifier {
                                name: "Foo",
                                location: <internal>:5:8,
                            },
                        ),
                        location: <internal>:5:8,
                    },
                    type_params: [],
                    location: <internal>:5:8,
                },
                methods: [
                    MethodDefinition {
                        method_id: None,
                        visibility: Public,
                        name: Identifier {
                            name: "bar",
                            location: <internal>:68:71,
                        },
                        parameters: [],
                        type_parameters: [],
                        return_type: Some(
                            Type {
                                id: ItemId(
                                    2745571829241957363,
                                ),
                                name: SymbolName {
                                    namespace: Some(
                                        PathRoot {
                                            segments: [],
                                        },
                                    ),
                                    name: Named(
                                        Identifier {
                                            name: "void",
                                            location: <internal>:77:81,
                                        },
                                    ),
                                    location: <internal>:77:81,
                                },
                                type_params: [],
                                location: <internal>:77:81,
                            },
                        ),
                        block: Some(
                            Block {
                                statements: [],
                                location: <internal>:82:85,
                            },
                        ),
                        location: <internal>:61:85,
                    },
                ],
                type_parameters: [],
                location: <internal>:0:95,
            },
        ),
    },
    statements: {},
    expressions: {},
}
