---
source: compiler/lume_hir_lower/src/tests.rs
description: "\n            enum Foo {\n                Bar(int, int),\n                Baz(int, int)\n            }"
---
Map {
    package: PackageId(
        0,
    ),
    items: {
        ItemId(
            5175167619020667705,
        ): Type(
            Enum(
                EnumDefinition {
                    id: ItemId(
                        5175167619020667705,
                    ),
                    type_id: None,
                    name: Path {
                        root: [],
                        name: Type {
                            name: Identifier {
                                name: "Foo",
                                location: <internal>:18:21,
                            },
                            type_arguments: [],
                            location: <internal>:18:21,
                        },
                        location: <internal>:18:21,
                    },
                    visibility: Private,
                    cases: [
                        EnumDefinitionCase {
                            name: Path {
                                root: [],
                                name: Type {
                                    name: Identifier {
                                        name: "Bar",
                                        location: <internal>:40:43,
                                    },
                                    type_arguments: [],
                                    location: <internal>:40:43,
                                },
                                location: <internal>:40:43,
                            },
                            parameters: [
                                Type {
                                    id: ItemId(
                                        7468397361300629741,
                                    ),
                                    name: Path {
                                        root: [],
                                        name: Namespace {
                                            name: Identifier {
                                                name: "int",
                                                location: <internal>:44:47,
                                            },
                                        },
                                        location: <internal>:44:47,
                                    },
                                    location: <internal>:44:47,
                                },
                                Type {
                                    id: ItemId(
                                        7468397361300629741,
                                    ),
                                    name: Path {
                                        root: [],
                                        name: Namespace {
                                            name: Identifier {
                                                name: "int",
                                                location: <internal>:49:52,
                                            },
                                        },
                                        location: <internal>:49:52,
                                    },
                                    location: <internal>:49:52,
                                },
                            ],
                            location: <internal>:40:53,
                        },
                        EnumDefinitionCase {
                            name: Path {
                                root: [],
                                name: Type {
                                    name: Identifier {
                                        name: "Baz",
                                        location: <internal>:71:74,
                                    },
                                    type_arguments: [],
                                    location: <internal>:71:74,
                                },
                                location: <internal>:71:74,
                            },
                            parameters: [
                                Type {
                                    id: ItemId(
                                        7468397361300629741,
                                    ),
                                    name: Path {
                                        root: [],
                                        name: Namespace {
                                            name: Identifier {
                                                name: "int",
                                                location: <internal>:75:78,
                                            },
                                        },
                                        location: <internal>:75:78,
                                    },
                                    location: <internal>:75:78,
                                },
                                Type {
                                    id: ItemId(
                                        7468397361300629741,
                                    ),
                                    name: Path {
                                        root: [],
                                        name: Namespace {
                                            name: Identifier {
                                                name: "int",
                                                location: <internal>:80:83,
                                            },
                                        },
                                        location: <internal>:80:83,
                                    },
                                    location: <internal>:80:83,
                                },
                            ],
                            location: <internal>:71:84,
                        },
                    ],
                    location: <internal>:13:98,
                },
            ),
        ),
    },
    statements: {},
    expressions: {},
}
