---
source: compiler/lume_hir_lower/src/tests.rs
description: "trait Add { }"
---
Map {
    package: PackageId(
        0,
    ),
    items: {
        ItemId(
            5526834839950128201,
        ): Type(
            Trait(
                TraitDefinition {
                    id: ItemId(
                        5526834839950128201,
                    ),
                    type_id: None,
                    name: SymbolName {
                        namespace: None,
                        name: Named(
                            Identifier {
                                name: "Add",
                                location: <internal>:6:9,
                            },
                        ),
                        location: <internal>:6:9,
                    },
                    type_parameters: [],
                    methods: [],
                    location: <internal>:0:13,
                },
            ),
        ),
    },
    statements: {},
    expressions: {},
}
