---
source: compiler/lume_hir_lower/src/tests.rs
description: "fn main() {}"
---
Map {
    package: PackageId(
        0,
    ),
    items: {
        ItemId(
            8095934718272011788,
        ): Function(
            FunctionDefinition {
                id: ItemId(
                    8095934718272011788,
                ),
                func_id: None,
                visibility: Private,
                name: SymbolName {
                    namespace: None,
                    name: Named(
                        Identifier {
                            name: "main",
                            location: <internal>:3:7,
                        },
                    ),
                    location: <internal>:3:7,
                },
                parameters: [],
                type_parameters: TypeParameters {
                    inner: [],
                },
                return_type: None,
                block: Some(
                    Block {
                        statements: [],
                        location: <internal>:10:12,
                    },
                ),
                location: <internal>:0:12,
            },
        ),
    },
    statements: {},
    expressions: {},
}
