---
source: compiler/lume_typech/src/tests/query.rs
expression: err
---
MissingFunction {
    source: <internal>:0:0,
    function_name: Identifier {
        name: "foo",
        location: <internal>:0:0,
    },
    suggestions: [
        SuggestedFunction {
            source: <internal>:3:7,
            function_name: Named(
                Identifier {
                    name: "foo_",
                    location: <internal>:3:7,
                },
            ),
            reason: NameMismatch,
        },
    ],
}
