---
source: compiler/lume_parse/src/tests.rs
expression: "parse(Target :: Item, \"fn test<T1: Numeric, T2: Numeric>() -> void {}\")"
---
SOURCE_FILE@0..39
  FN@0..39
    FN_KW@0..2 "fn"
    NAME@2..6
      IDENT@2..6 "test"
    BOUND_TYPES@6..29
      LESS@6..7 "<"
      BOUND_TYPE@7..17
        IDENT@7..9 "T1"
        CONSTRAINTS@9..17
          COLON@9..10 ":"
          PATH@10..17
            PATH_TYPE@10..17
              IDENT@10..17 "Numeric"
      COMMA@17..18 ","
      BOUND_TYPE@18..28
        IDENT@18..20 "T2"
        CONSTRAINTS@20..28
          COLON@20..21 ":"
          PATH@21..28
            PATH_TYPE@21..28
              IDENT@21..28 "Numeric"
      GREATER@28..29 ">"
    PARAM_LIST@29..31
      LEFT_PAREN@29..30 "("
      RIGHT_PAREN@30..31 ")"
    RETURN_TYPE@31..37
      ARROW@31..33 "->"
      PATH@33..37
        PATH_TYPE@33..37
          IDENT@33..37 "void"
    BLOCK@37..39
      LEFT_BRACE@37..38 "{"
      STMT_LIST@38..38
      RIGHT_BRACE@38..39 "}"
