---
source: compiler/lume_hir/src/lower.rs
description: "fn main() {}"
---
Map {
    package: PackageId(
        0,
    ),
    items: {
        15299231299772503292: Function(
            FunctionDefinition {
                id: 15299231299772503292,
                func_id: None,
                visibility: Private,
                name: main,
                parameters: [],
                type_parameters: [],
                return_type: None,
                block: Some(
                    Block {
                        statements: [],
                        location: <internal>:10:12,
                    },
                ),
                location: <internal>:0:12,
            },
        ),
    },
    statements: {},
    expressions: {},
}
