---
source: compiler/lume_hir/src/lower.rs
expression: "lower_expr(\"false\")"
---
Map {
    package: PackageId(
        0,
    ),
    items: {
        8195533856448846917: Function(
            FunctionDefinition {
                id: 8195533856448846917,
                func_id: None,
                visibility: Private,
                name: 'foo',
                parameters: [],
                type_parameters: [],
                return_type: Some(
                    Type {
                        name: 'void',
                        type_params: [],
                        location: <internal>:12:16,
                    },
                ),
                block: Block {
                    statements: [
                        Statement {
                            id: 0,
                            kind: Expression(
                                Expression {
                                    id: 5871781006564002453,
                                    location: <internal>:19:24,
                                    kind: Literal(
                                        Literal {
                                            id: 5871781006564002453,
                                            location: <internal>:19:24,
                                            kind: Boolean(
                                                BooleanLiteral {
                                                    id: 5871781006564002453,
                                                    value: false,
                                                },
                                            ),
                                        },
                                    ),
                                },
                            ),
                            location: <internal>:19:24,
                        },
                    ],
                    location: <internal>:17:26,
                },
                location: <internal>:0:26,
            },
        ),
    },
    statements: {
        0: Statement {
            id: 0,
            kind: Expression(
                Expression {
                    id: 5871781006564002453,
                    location: <internal>:19:24,
                    kind: Literal(
                        Literal {
                            id: 5871781006564002453,
                            location: <internal>:19:24,
                            kind: Boolean(
                                BooleanLiteral {
                                    id: 5871781006564002453,
                                    value: false,
                                },
                            ),
                        },
                    ),
                },
            ),
            location: <internal>:19:24,
        },
    },
    expressions: {
        5871781006564002453: Expression {
            id: 5871781006564002453,
            location: <internal>:19:24,
            kind: Literal(
                Literal {
                    id: 5871781006564002453,
                    location: <internal>:19:24,
                    kind: Boolean(
                        BooleanLiteral {
                            id: 5871781006564002453,
                            value: false,
                        },
                    ),
                },
            ),
        },
    },
}
